/Users/bhuvan/Library/Python/3.9/lib/python/site-packages/urllib3/__init__.py:35: NotOpenSSLWarning: urllib3 v2 only supports OpenSSL 1.1.1+, currently the 'ssl' module is compiled with 'LibreSSL 2.8.3'. See: https://github.com/urllib3/urllib3/issues/3020
  warnings.warn(

================================================================================
RE-RUN: new_theoretical_TC10  H=180  seed=123
================================================================================

================================================================================
RUNNING SINGLE EXPERIMENT WITH PROFILES: L=20, H=180
================================================================================
Config updated: L=20, H=180
   Output dir: output/new_theoretical_TC10_L20_H180
   Run tag: new_theoretical_TC10_L20_H180
   Paper fig dir: output/new_theoretical_TC10_L20_H180/paper_figs
Using device: mps

Loading datasets for L=20, H=180...
Found 48 CSV files
Split: 36 train, 9 val, 3 test files
Fitting scalers on 36 valid training files
Scalers fitted and saved successfully
Generated 29507 train sequences from 36 files
Dataset initialized with 29507 sequences for train split
Input shape: time_series [20, 11], static_params [4]
Output shape: [10]
Power data: Dictionary with unscaled time/temps for power calculation
Prediction horizon: 180 (180 steps ahead)

==================================================
DATASET STATISTICS
==================================================
Files: 36 train, 9 val, 3 test
Valid files: 36, Invalid: 0
Training sequences: 29507
Prediction horizon: 180 (180 steps ahead)
Target calculation: Sequence end + 180 timesteps
Min sequence length required: 200
Data quality issues:
  - Files with outliers: 6
  - Files too short: 0
  - Files with missing data: 0
  - Median timestep: 1000.0 ms
==================================================

Found 48 CSV files
Split: 36 train, 9 val, 3 test files
Generated 3494 val sequences from 9 files
Dataset initialized with 3494 sequences for val split
Input shape: time_series [20, 11], static_params [4]
Output shape: [10]
Power data: Dictionary with unscaled time/temps for power calculation
Prediction horizon: 180 (180 steps ahead)
Loaded pre-fitted scalers from models_TC10
Found 48 CSV files
Split: 36 train, 9 val, 3 test files
Generated 7994 test sequences from 3 files
Dataset initialized with 7994 sequences for test split
Input shape: time_series [20, 11], static_params [4]
Output shape: [10]
Power data: Dictionary with unscaled time/temps for power calculation
Prediction horizon: 180 (180 steps ahead)
Loaded pre-fitted scalers from models_TC10
Validating horizon consistency...
Horizon validation passed for prediction_horizon=180
Horizon validation passed for prediction_horizon=180
Horizon validation passed for prediction_horizon=180
Building model for L=20, H=180 (num_outputs=9, bin_target=True)...

Training model for L=20, H=180 (max_epochs=200, patience=40)...
  Epoch 1/200 — val_mae=4.2781  smooth=4.2781  best=4.2781  patience=0/40  lr=3.00e-05
  Epoch 11/200 — val_mae=1.1849  smooth=1.4169  best=1.4169  patience=0/40  lr=3.00e-04
  Epoch 21/200 — val_mae=1.3159  smooth=1.2732  best=1.2732  patience=0/40  lr=2.98e-04
  Epoch 31/200 — val_mae=1.2389  smooth=1.3462  best=1.2632  patience=4/40  lr=2.92e-04
  Epoch 41/200 — val_mae=0.9165  smooth=1.1287  best=1.1287  patience=0/40  lr=2.82e-04
  Epoch 51/200 — val_mae=0.9250  smooth=1.0569  best=1.0259  patience=8/40  lr=2.68e-04
  Epoch 61/200 — val_mae=1.0359  smooth=1.0554  best=0.9218  patience=6/40  lr=2.52e-04
  Epoch 71/200 — val_mae=0.9217  smooth=0.9369  best=0.7964  patience=5/40  lr=2.32e-04
  Epoch 81/200 — val_mae=0.7162  smooth=0.8159  best=0.7964  patience=15/40  lr=2.11e-04
  Epoch 91/200 — val_mae=0.7008  smooth=0.6714  best=0.6714  patience=0/40  lr=1.87e-04
