/Users/bhuvan/Library/Python/3.9/lib/python/site-packages/urllib3/__init__.py:35: NotOpenSSLWarning: urllib3 v2 only supports OpenSSL 1.1.1+, currently the 'ssl' module is compiled with 'LibreSSL 2.8.3'. See: https://github.com/urllib3/urllib3/issues/3020
  warnings.warn(

================================================================================
RUNNING SINGLE EXPERIMENT WITH PROFILES: L=20, H=60
================================================================================
Config updated: L=20, H=60
   Output dir: output/residual_test_TC11_L20_H60
   Run tag: residual_test_TC11_L20_H60
   Paper fig dir: output/residual_test_TC11_L20_H60/paper_figs
Using device: mps

Loading datasets for L=20, H=60...
Found 23 CSV files
Split: 15 train, 4 val, 4 test files
Fitting scalers on 15 valid training files
Scalers fitted and saved successfully
Generated 7280 train sequences from 15 files
Dataset initialized with 7280 sequences for train split
Input shape: time_series [20, 12], static_params [4]
Output shape: [11]
Power data: Dictionary with unscaled time/temps for power calculation
Prediction horizon: 60 (60 steps ahead)

==================================================
DATASET STATISTICS
==================================================
Files: 15 train, 4 val, 4 test
Valid files: 15, Invalid: 0
Training sequences: 7280
Prediction horizon: 60 (60 steps ahead)
Target calculation: Sequence end + 60 timesteps
Min sequence length required: 80
Data quality issues:
  - Files with outliers: 15
  - Files too short: 0
  - Files with missing data: 0
  - Median timestep: 1000.0 ms
==================================================

Found 23 CSV files
Split: 15 train, 4 val, 4 test files
Generated 1832 val sequences from 4 files
Dataset initialized with 1832 sequences for val split
Input shape: time_series [20, 12], static_params [4]
Output shape: [11]
Power data: Dictionary with unscaled time/temps for power calculation
Prediction horizon: 60 (60 steps ahead)
Loaded pre-fitted scalers from ../models_TC11
Found 23 CSV files
Split: 15 train, 4 val, 4 test files
Generated 2638 test sequences from 4 files
Dataset initialized with 2638 sequences for test split
Input shape: time_series [20, 12], static_params [4]
Output shape: [11]
Power data: Dictionary with unscaled time/temps for power calculation
Prediction horizon: 60 (60 steps ahead)
Loaded pre-fitted scalers from ../models_TC11
Validating horizon consistency...
Horizon validation passed for prediction_horizon=60
Horizon validation passed for prediction_horizon=60
Horizon validation passed for prediction_horizon=60
Building model for L=20, H=60 (num_outputs=10, bin_target=True)...

Training model for L=20, H=60 (max_epochs=200, patience=60)...
  Epoch 1/200 — val_mae=0.9795  smooth=0.9795  best=0.9795  patience=0/60  lr=3.00e-05
  Epoch 11/200 — val_mae=0.3182  smooth=0.4529  best=0.4529  patience=0/60  lr=3.00e-04
  Epoch 21/200 — val_mae=0.2891  smooth=0.3168  best=0.3168  patience=0/60  lr=2.98e-04
  Epoch 31/200 — val_mae=0.2475  smooth=0.2780  best=0.2733  patience=2/60  lr=2.92e-04
  Epoch 41/200 — val_mae=0.1952  smooth=0.2384  best=0.2374  patience=4/60  lr=2.82e-04
  Epoch 51/200 — val_mae=0.1824  smooth=0.2065  best=0.2050  patience=2/60  lr=2.68e-04
  Epoch 61/200 — val_mae=0.1797  smooth=0.1771  best=0.1744  patience=1/60  lr=2.52e-04
  Epoch 71/200 — val_mae=0.1598  smooth=0.1658  best=0.1441  patience=2/60  lr=2.32e-04
  Epoch 81/200 — val_mae=0.1310  smooth=0.1373  best=0.1365  patience=1/60  lr=2.11e-04
  Epoch 91/200 — val_mae=0.1276  smooth=0.1400  best=0.1365  patience=11/60  lr=1.87e-04
  Epoch 101/200 — val_mae=0.0993  smooth=0.1081  best=0.1081  patience=0/60  lr=1.63e-04
  Epoch 111/200 — val_mae=0.0987  smooth=0.1077  best=0.1049  patience=9/60  lr=1.38e-04
  Epoch 121/200 — val_mae=0.0935  smooth=0.0978  best=0.0978  patience=0/60  lr=1.14e-04
  Epoch 131/200 — val_mae=0.0917  smooth=0.0894  best=0.0891  patience=1/60  lr=9.04e-05
  Epoch 141/200 — val_mae=0.0888  smooth=0.0853  best=0.0837  patience=1/60  lr=6.87e-05
  Epoch 151/200 — val_mae=0.0787  smooth=0.0800  best=0.0800  patience=0/60  lr=4.92e-05
  Epoch 161/200 — val_mae=0.0745  smooth=0.0752  best=0.0750  patience=2/60  lr=3.25e-05
  Epoch 171/200 — val_mae=0.0697  smooth=0.0716  best=0.0713  patience=2/60  lr=1.90e-05
  Epoch 181/200 — val_mae=0.0705  smooth=0.0692  best=0.0692  patience=0/60  lr=9.10e-06
  Epoch 191/200 — val_mae=0.0685  smooth=0.0676  best=0.0676  patience=0/60  lr=3.04e-06

Evaluating best model for L=20, H=60 (best epoch=191)...

TEST SET EVALUATION (UNSCALED - HORIZON = 60 steps):
   MAE:  1.78 K
   RMSE: 4.40 K
   R²:   0.905774
   Physics Loss: 0.000000
   Constraint Loss: 0.000000
   Power Balance Loss: 0.000000
   Per-sensor MAE (K): TC1=1.14  TC2=0.95  TC3=0.91  TC4=0.93  TC5=1.06  TC6=1.07  TC7=1.17  TC8=1.70  TC9=3.55  TC10=5.34
   Per-file:
      MAE=  2.93 K  RMSE=  6.94  R2= 0.8997  n=  852  h6_flux88_abs0_surf1_790s - Sheet1.csv
      MAE=  1.78 K  RMSE=  2.51  R2= 0.5539  n=  836  h6_flux88_abs0_surf0_longRun_762s - Sheet1.csv
      MAE=  0.80 K  RMSE=  2.85  R2= 0.9511  n=  513  h6_flux88_abs92_surf0_648s - Sheet3.csv
      MAE=  0.70 K  RMSE=  1.03  R2= 0.9597  n=  437  h6_flux88_abs20_surf0_781s - Sheet2.csv

Generating profile plots for each test file (H=60)...
Extracting ACTUAL test file information...
Found test dataset: TempSequenceDataset
Found 4 test files in dataset.current_files
Found 2638 sample indices
Successfully mapped 2638 samples to ACTUAL filenames
First 5 sample-to-filename mappings:
   Sample 0: h6_flux88_abs0_surf0_longRun_762s - Sheet1.csv
   Sample 1: h6_flux88_abs0_surf0_longRun_762s - Sheet1.csv
   Sample 2: h6_flux88_abs0_surf0_longRun_762s - Sheet1.csv
   Sample 3: h6_flux88_abs0_surf0_longRun_762s - Sheet1.csv
   Sample 4: h6_flux88_abs0_surf0_longRun_762s - Sheet1.csv
File: h6_flux88_abs0_surf0_longRun_762s - Sheet1.csv
Time stamp: 468.0s
Actual:
[360.8  361.14 362.83 362.87 363.55 363.99 364.   363.52 358.89 352.6 ]
Predicted:
[360.94 361.14 362.47 362.79 363.88 364.12 363.96 363.4  358.78 353.3 ]
----------------------------------------
Error during evaluation: x and y must have same first dimension, but have shapes (10,) and (11,)

============================================================
QUICK H=60 RESULT (residual forecasting)
============================================================
  status   : evaluation_failed
  best_epoch: None
Traceback (most recent call last):
  File "/Users/bhuvan/Desktop/research/ml_models/time series forecasting model/src/run_quick_h60.py", line 33, in <module>
    print(f"  TEST MAE : {res.get('test_mae_unscaled'):.3f} K   (old run: 3.28 | persistence: 1.85 | target: <1.0)")
TypeError: unsupported format string passed to NoneType.__format__
