/Users/bhuvan/Library/Python/3.9/lib/python/site-packages/urllib3/__init__.py:35: NotOpenSSLWarning: urllib3 v2 only supports OpenSSL 1.1.1+, currently the 'ssl' module is compiled with 'LibreSSL 2.8.3'. See: https://github.com/urllib3/urllib3/issues/3020
  warnings.warn(

================================================================================
RUNNING SINGLE EXPERIMENT WITH PROFILES: L=20, H=60
================================================================================
Config updated: L=20, H=60
   Output dir: output/residual_test_TC11_L20_H60
   Run tag: residual_test_TC11_L20_H60
   Paper fig dir: output/residual_test_TC11_L20_H60/paper_figs
Using device: mps

Loading datasets for L=20, H=60...
Found 23 CSV files
Split: 15 train, 4 val, 4 test files
Fitting scalers on 15 valid training files
Scalers fitted and saved successfully
Generated 7280 train sequences from 15 files
Dataset initialized with 7280 sequences for train split
Input shape: time_series [20, 12], static_params [4]
Output shape: [11]
Power data: Dictionary with unscaled time/temps for power calculation
Prediction horizon: 60 (60 steps ahead)

==================================================
DATASET STATISTICS
==================================================
Files: 15 train, 4 val, 4 test
Valid files: 15, Invalid: 0
Training sequences: 7280
Prediction horizon: 60 (60 steps ahead)
Target calculation: Sequence end + 60 timesteps
Min sequence length required: 80
Data quality issues:
  - Files with outliers: 15
  - Files too short: 0
  - Files with missing data: 0
  - Median timestep: 1000.0 ms
==================================================

Found 23 CSV files
Split: 15 train, 4 val, 4 test files
Generated 1832 val sequences from 4 files
Dataset initialized with 1832 sequences for val split
Input shape: time_series [20, 12], static_params [4]
Output shape: [11]
Power data: Dictionary with unscaled time/temps for power calculation
Prediction horizon: 60 (60 steps ahead)
Loaded pre-fitted scalers from ../models_TC11
Found 23 CSV files
Split: 15 train, 4 val, 4 test files
Generated 2638 test sequences from 4 files
Dataset initialized with 2638 sequences for test split
Input shape: time_series [20, 12], static_params [4]
Output shape: [11]
Power data: Dictionary with unscaled time/temps for power calculation
Prediction horizon: 60 (60 steps ahead)
Loaded pre-fitted scalers from ../models_TC11
Validating horizon consistency...
Horizon validation passed for prediction_horizon=60
Horizon validation passed for prediction_horizon=60
Horizon validation passed for prediction_horizon=60
Building model for L=20, H=60...

Training model for L=20, H=60 (max_epochs=200, patience=60)...
  Epoch 1/200 — val_mae=1.1835  smooth=1.1835  best=1.1835  patience=0/60  lr=3.00e-05
  Epoch 11/200 — val_mae=0.4519  smooth=0.5367  best=0.5367  patience=0/60  lr=3.00e-04
  Epoch 21/200 — val_mae=0.3475  smooth=0.3946  best=0.3946  patience=0/60  lr=2.98e-04
  Epoch 31/200 — val_mae=0.3147  smooth=0.3160  best=0.3160  patience=0/60  lr=2.92e-04
  Epoch 41/200 — val_mae=0.2565  smooth=0.3048  best=0.3048  patience=0/60  lr=2.82e-04
  Epoch 51/200 — val_mae=0.2886  smooth=0.2609  best=0.2592  patience=1/60  lr=2.68e-04
  Epoch 61/200 — val_mae=0.2148  smooth=0.2382  best=0.2382  patience=0/60  lr=2.52e-04
  Epoch 71/200 — val_mae=0.2128  smooth=0.2178  best=0.2130  patience=2/60  lr=2.32e-04
  Epoch 81/200 — val_mae=0.1854  smooth=0.2101  best=0.2101  patience=0/60  lr=2.11e-04
  Epoch 91/200 — val_mae=0.2035  smooth=0.1825  best=0.1692  patience=2/60  lr=1.87e-04
  Epoch 101/200 — val_mae=0.1849  smooth=0.1766  best=0.1692  patience=12/60  lr=1.63e-04
  Epoch 111/200 — val_mae=0.1605  smooth=0.1698  best=0.1671  patience=5/60  lr=1.38e-04
  Epoch 121/200 — val_mae=0.1338  smooth=0.1394  best=0.1394  patience=0/60  lr=1.14e-04
  Epoch 131/200 — val_mae=0.1277  smooth=0.1330  best=0.1330  patience=0/60  lr=9.04e-05
  Epoch 141/200 — val_mae=0.1338  smooth=0.1251  best=0.1251  patience=0/60  lr=6.87e-05
  Epoch 151/200 — val_mae=0.1094  smooth=0.1147  best=0.1147  patience=0/60  lr=4.92e-05
  Epoch 161/200 — val_mae=0.1110  smooth=0.1086  best=0.1086  patience=0/60  lr=3.25e-05
  Epoch 171/200 — val_mae=0.1007  smooth=0.1010  best=0.1010  patience=0/60  lr=1.90e-05
  Epoch 181/200 — val_mae=0.0970  smooth=0.0978  best=0.0978  patience=0/60  lr=9.10e-06
  Epoch 191/200 — val_mae=0.0918  smooth=0.0929  best=0.0929  patience=0/60  lr=3.04e-06

Evaluating best model for L=20, H=60 (best epoch=200)...

TEST SET EVALUATION (UNSCALED - HORIZON = 60 steps):
   MAE:  2.13 K
   RMSE: 6.68 K
   R²:   0.907818
   Physics Loss: 0.000000
   Constraint Loss: 0.000000
   Power Balance Loss: 0.000000
   Per-sensor MAE (K): TC1=1.32  TC2=1.07  TC3=0.81  TC4=0.94  TC5=0.98  TC6=1.03  TC7=1.16  TC8=1.31  TC9=2.42  TC10=5.60  TC11=6.76
   Per-file:
      MAE=  3.53 K  RMSE= 10.94  R2= 0.9044  n=  852  h6_flux88_abs0_surf1_790s - Sheet1.csv
      MAE=  1.76 K  RMSE=  2.45  R2= 0.7187  n=  836  h6_flux88_abs0_surf0_longRun_762s - Sheet1.csv
      MAE=  1.33 K  RMSE=  2.36  R2= 0.8322  n=  437  h6_flux88_abs20_surf0_781s - Sheet2.csv
      MAE=  1.08 K  RMSE=  4.01  R2= 0.9254  n=  513  h6_flux88_abs92_surf0_648s - Sheet3.csv

Generating profile plots for each test file (H=60)...
Extracting ACTUAL test file information...
Found test dataset: TempSequenceDataset
Found 4 test files in dataset.current_files
Found 2638 sample indices
Successfully mapped 2638 samples to ACTUAL filenames
First 5 sample-to-filename mappings:
   Sample 0: h6_flux88_abs0_surf0_longRun_762s - Sheet1.csv
   Sample 1: h6_flux88_abs0_surf0_longRun_762s - Sheet1.csv
   Sample 2: h6_flux88_abs0_surf0_longRun_762s - Sheet1.csv
   Sample 3: h6_flux88_abs0_surf0_longRun_762s - Sheet1.csv
   Sample 4: h6_flux88_abs0_surf0_longRun_762s - Sheet1.csv
File: h6_flux88_abs0_surf0_longRun_762s - Sheet1.csv
Time stamp: 530.0s
Actual:
[362.34 360.09 362.95 363.27 362.88 364.9  364.66 365.12 363.35 355.51
 351.  ]
Predicted:
[362.79 360.49 363.28 363.45 363.32 364.98 364.45 365.05 362.68 355.53
 351.  ]
----------------------------------------
Saved profile plot: output/residual_test_TC11_L20_H60/profile_plots_H60/h6_flux88_abs0_surf0_longRun_762s - Sheet1_H60_profiles.png
File: h6_flux88_abs20_surf0_781s - Sheet2.csv
Time stamp: 351.0s
Actual:
[352.55 353.59 358.28 361.07 362.7  366.61 366.87 368.47 370.25 358.62
 357.  ]
Predicted:
[353.24 353.87 358.56 361.76 362.39 366.07 366.85 368.27 369.3  354.71
 357.53]
----------------------------------------
Saved profile plot: output/residual_test_TC11_L20_H60/profile_plots_H60/h6_flux88_abs20_surf0_781s - Sheet2_H60_profiles.png
File: h6_flux88_abs0_surf1_790s - Sheet1.csv
Time stamp: 479.0s
Actual:
[362.64 360.48 362.27 362.94 362.73 365.01 363.76 364.3  363.59 348.45
 242.47]
Predicted:
[362.59 360.78 361.96 363.01 362.68 364.75 363.27 363.77 363.69 347.77
 242.14]
----------------------------------------
Saved profile plot: output/residual_test_TC11_L20_H60/profile_plots_H60/h6_flux88_abs0_surf1_790s - Sheet1_H60_profiles.png
File: h6_flux88_abs92_surf0_648s - Sheet3.csv
Time stamp: 435.0s
Actual:
[343.88 345.92 351.75 354.17 354.6  357.99 358.57 363.96 388.77 392.47
 403.  ]
Predicted:
[344.12 346.14 351.85 354.29 354.7  358.15 358.76 364.12 388.77 392.44
 403.05]
----------------------------------------
Saved profile plot: output/residual_test_TC11_L20_H60/profile_plots_H60/h6_flux88_abs92_surf0_648s - Sheet3_H60_profiles.png
Profile plots for horizon 60 saved to: output/residual_test_TC11_L20_H60/profile_plots_H60

============================================================
POWER BALANCE ANALYSIS (HORIZON = 60 steps)
============================================================
Samples analyzed: 512
Prediction horizon: 60 steps

INCOMING POWER STATISTICS:
  Mean: 217.91 W
  Std:  0.00 W
  Min:  217.91 W
  Max:  217.91 W

TOTAL ACTUAL POWER (sum of 10 bins):
  Mean: 19.35 W
  Std:  12.75 W
  Min:  -15.25 W
  Max:  41.47 W

TOTAL PREDICTED POWER (sum of 10 bins):
  Mean: 16.12 W
  Std:  33.97 W
  Min:  -117.32 W
  Max:  51.06 W

POWER BALANCE RATIOS:
  Actual/Incoming ratio - Mean: 0.089, Std: 0.059
  Predicted/Incoming ratio - Mean: 0.074, Std: 0.156

ENERGY CONSERVATION VIOLATIONS:
  Actual power > incoming: 0/512 (0.0%)
  Predicted power > incoming: 0/512 (0.0%)

SUCCESS: Real power data extracted and analyzed (horizon = 60 steps)!
Performance metrics saved to CSV: output/residual_test_TC11_L20_H60/performance_metrics.csv

============================================================
QUICK H=60 RESULT (residual forecasting)
============================================================
  status   : success
  best_epoch: 200
  TEST MAE : 2.127 K   (old run: 3.28 | persistence: 1.85 | target: <1.0)
  TEST RMSE: 6.678 K
  TEST R^2 : 0.9078   (old run: 0.913 | target: >0.97)
  per-sensor MAE (K): [1.32, 1.07, 0.81, 0.94, 0.98, 1.03, 1.16, 1.31, 2.42, 5.6, 6.76]
============================================================
