/Users/bhuvan/Library/Python/3.9/lib/python/site-packages/urllib3/__init__.py:35: NotOpenSSLWarning: urllib3 v2 only supports OpenSSL 1.1.1+, currently the 'ssl' module is compiled with 'LibreSSL 2.8.3'. See: https://github.com/urllib3/urllib3/issues/3020
  warnings.warn(

================================================================================
RUNNING SINGLE EXPERIMENT WITH PROFILES: L=20, H=60
================================================================================
Config updated: L=20, H=60
   Output dir: output/residual_test_TC11_L20_H60
   Run tag: residual_test_TC11_L20_H60
   Paper fig dir: output/residual_test_TC11_L20_H60/paper_figs
Using device: mps

Loading datasets for L=20, H=60...
Found 23 CSV files
Split: 15 train, 4 val, 4 test files
Fitting scalers on 15 valid training files
Scalers fitted and saved successfully
Generated 7280 train sequences from 15 files
Dataset initialized with 7280 sequences for train split
Input shape: time_series [20, 12], static_params [4]
Output shape: [11]
Power data: Dictionary with unscaled time/temps for power calculation
Prediction horizon: 60 (60 steps ahead)

==================================================
DATASET STATISTICS
==================================================
Files: 15 train, 4 val, 4 test
Valid files: 15, Invalid: 0
Training sequences: 7280
Prediction horizon: 60 (60 steps ahead)
Target calculation: Sequence end + 60 timesteps
Min sequence length required: 80
Data quality issues:
  - Files with outliers: 15
  - Files too short: 0
  - Files with missing data: 0
  - Median timestep: 1000.0 ms
==================================================

Found 23 CSV files
Split: 15 train, 4 val, 4 test files
Generated 1832 val sequences from 4 files
Dataset initialized with 1832 sequences for val split
Input shape: time_series [20, 12], static_params [4]
Output shape: [11]
Power data: Dictionary with unscaled time/temps for power calculation
Prediction horizon: 60 (60 steps ahead)
Loaded pre-fitted scalers from ../models_TC11
Found 23 CSV files
Split: 15 train, 4 val, 4 test files
Generated 2638 test sequences from 4 files
Dataset initialized with 2638 sequences for test split
Input shape: time_series [20, 12], static_params [4]
Output shape: [11]
Power data: Dictionary with unscaled time/temps for power calculation
Prediction horizon: 60 (60 steps ahead)
Loaded pre-fitted scalers from ../models_TC11
Validating horizon consistency...
Horizon validation passed for prediction_horizon=60
Horizon validation passed for prediction_horizon=60
Horizon validation passed for prediction_horizon=60
Building model for L=20, H=60...

Training model for L=20, H=60 (max_epochs=200, patience=60)...
  Epoch 1/200 — val_mae=1.2102  smooth=1.2102  best=1.2102  patience=0/60  lr=3.00e-05
  Epoch 11/200 — val_mae=0.4528  smooth=0.5550  best=0.5550  patience=0/60  lr=3.00e-04
  Epoch 21/200 — val_mae=0.3741  smooth=0.4088  best=0.4088  patience=0/60  lr=2.98e-04
  Epoch 31/200 — val_mae=0.2885  smooth=0.3706  best=0.3282  patience=5/60  lr=2.92e-04
  Epoch 41/200 — val_mae=0.2652  smooth=0.2721  best=0.2721  patience=0/60  lr=2.82e-04
  Epoch 51/200 — val_mae=0.2580  smooth=0.2409  best=0.2392  patience=1/60  lr=2.68e-04
  Epoch 61/200 — val_mae=0.1985  smooth=0.2137  best=0.2137  patience=0/60  lr=2.52e-04
  Epoch 71/200 — val_mae=0.1867  smooth=0.2088  best=0.2080  patience=4/60  lr=2.32e-04
  Epoch 81/200 — val_mae=0.1543  smooth=0.1711  best=0.1661  patience=2/60  lr=2.11e-04
  Epoch 91/200 — val_mae=0.1564  smooth=0.1611  best=0.1557  patience=2/60  lr=1.87e-04
  Epoch 101/200 — val_mae=0.1421  smooth=0.1365  best=0.1365  patience=0/60  lr=1.63e-04
  Epoch 111/200 — val_mae=0.1327  smooth=0.1271  best=0.1248  patience=2/60  lr=1.38e-04
  Epoch 121/200 — val_mae=0.1145  smooth=0.1172  best=0.1172  patience=0/60  lr=1.14e-04
  Epoch 131/200 — val_mae=0.1324  smooth=0.1192  best=0.1132  patience=5/60  lr=9.04e-05
  Epoch 141/200 — val_mae=0.1044  smooth=0.1070  best=0.1070  patience=0/60  lr=6.87e-05
  Epoch 151/200 — val_mae=0.1002  smooth=0.0965  best=0.0965  patience=0/60  lr=4.92e-05
  Epoch 161/200 — val_mae=0.0888  smooth=0.0921  best=0.0921  patience=0/60  lr=3.25e-05
  Epoch 171/200 — val_mae=0.0857  smooth=0.0872  best=0.0872  patience=0/60  lr=1.90e-05
  Epoch 181/200 — val_mae=0.0832  smooth=0.0850  best=0.0850  patience=0/60  lr=9.10e-06
  Epoch 191/200 — val_mae=0.0823  smooth=0.0819  best=0.0819  patience=0/60  lr=3.04e-06

Evaluating best model for L=20, H=60 (best epoch=200)...

TEST SET EVALUATION (UNSCALED - HORIZON = 60 steps):
   MAE:  2.05 K
   RMSE: 6.47 K
   R²:   0.913391
   Physics Loss: 0.000000
   Constraint Loss: 0.000000
   Power Balance Loss: 0.000000
   Per-sensor MAE (K): TC1=1.25  TC2=1.10  TC3=0.84  TC4=0.90  TC5=0.96  TC6=1.01  TC7=1.15  TC8=1.33  TC9=2.42  TC10=5.13  TC11=6.48
   Per-file:
      MAE=  3.54 K  RMSE= 10.67  R2= 0.9091  n=  852  h6_flux88_abs0_surf1_790s - Sheet1.csv
      MAE=  1.59 K  RMSE=  2.29  R2= 0.7541  n=  836  h6_flux88_abs0_surf0_longRun_762s - Sheet1.csv
      MAE=  1.21 K  RMSE=  1.76  R2= 0.9069  n=  437  h6_flux88_abs20_surf0_781s - Sheet2.csv
      MAE=  1.06 K  RMSE=  3.92  R2= 0.9288  n=  513  h6_flux88_abs92_surf0_648s - Sheet3.csv

Generating profile plots for each test file (H=60)...
Extracting ACTUAL test file information...
Found test dataset: TempSequenceDataset
Found 4 test files in dataset.current_files
Found 2638 sample indices
Successfully mapped 2638 samples to ACTUAL filenames
First 5 sample-to-filename mappings:
   Sample 0: h6_flux88_abs0_surf0_longRun_762s - Sheet1.csv
   Sample 1: h6_flux88_abs0_surf0_longRun_762s - Sheet1.csv
   Sample 2: h6_flux88_abs0_surf0_longRun_762s - Sheet1.csv
   Sample 3: h6_flux88_abs0_surf0_longRun_762s - Sheet1.csv
   Sample 4: h6_flux88_abs0_surf0_longRun_762s - Sheet1.csv
File: h6_flux88_abs0_surf0_longRun_762s - Sheet1.csv
Time stamp: 493.0s
Actual:
[362.34 359.76 362.81 362.63 362.67 364.44 364.2  364.19 362.98 355.47
 350.  ]
Predicted:
[361.59 359.98 362.8  362.85 363.16 364.56 364.54 364.1  363.   354.35
 350.28]
----------------------------------------
Saved profile plot: output/residual_test_TC11_L20_H60/profile_plots_H60/h6_flux88_abs0_surf0_longRun_762s - Sheet1_H60_profiles.png
File: h6_flux88_abs20_surf0_781s - Sheet2.csv
Time stamp: 274.0s
Actual:
[353.73 354.52 358.51 360.75 361.92 365.44 365.43 367.03 368.67 356.59
 355.  ]
Predicted:
[355.04 355.79 359.2  360.99 362.08 364.88 365.12 366.54 367.35 355.21
 354.98]
----------------------------------------
Saved profile plot: output/residual_test_TC11_L20_H60/profile_plots_H60/h6_flux88_abs20_surf0_781s - Sheet2_H60_profiles.png
File: h6_flux88_abs0_surf1_790s - Sheet1.csv
Time stamp: 457.0s
Actual:
[362.42 360.35 361.99 362.84 362.67 364.75 363.03 363.56 363.36 347.27
 240.5 ]
Predicted:
[362.23 360.7  361.83 362.76 362.42 364.7  362.59 363.29 363.35 346.76
 241.44]
----------------------------------------
Saved profile plot: output/residual_test_TC11_L20_H60/profile_plots_H60/h6_flux88_abs0_surf1_790s - Sheet1_H60_profiles.png
File: h6_flux88_abs92_surf0_648s - Sheet3.csv
Time stamp: 421.0s
Actual:
[344.25 346.23 351.96 354.35 354.72 358.02 358.49 363.63 388.13 392.13
 402.  ]
Predicted:
[344.49 346.44 352.06 354.42 354.82 358.13 358.63 363.78 388.22 392.28
 401.95]
----------------------------------------
Saved profile plot: output/residual_test_TC11_L20_H60/profile_plots_H60/h6_flux88_abs92_surf0_648s - Sheet3_H60_profiles.png
Profile plots for horizon 60 saved to: output/residual_test_TC11_L20_H60/profile_plots_H60

============================================================
POWER BALANCE ANALYSIS (HORIZON = 60 steps)
============================================================
Samples analyzed: 512
Prediction horizon: 60 steps

INCOMING POWER STATISTICS:
  Mean: 217.91 W
  Std:  0.00 W
  Min:  217.91 W
  Max:  217.91 W

TOTAL ACTUAL POWER (sum of 10 bins):
  Mean: 19.35 W
  Std:  12.75 W
  Min:  -15.25 W
  Max:  41.47 W

TOTAL PREDICTED POWER (sum of 10 bins):
  Mean: 10.96 W
  Std:  25.21 W
  Min:  -89.22 W
  Max:  43.66 W

POWER BALANCE RATIOS:
  Actual/Incoming ratio - Mean: 0.089, Std: 0.059
  Predicted/Incoming ratio - Mean: 0.050, Std: 0.116

ENERGY CONSERVATION VIOLATIONS:
  Actual power > incoming: 0/512 (0.0%)
  Predicted power > incoming: 0/512 (0.0%)

SUCCESS: Real power data extracted and analyzed (horizon = 60 steps)!
Performance metrics saved to CSV: output/residual_test_TC11_L20_H60/performance_metrics.csv

============================================================
QUICK H=60 RESULT (residual forecasting)
============================================================
  status   : success
  best_epoch: 200
  TEST MAE : 2.052 K   (old run: 3.28 | persistence: 1.85 | target: <1.0)
  TEST RMSE: 6.473 K
  TEST R^2 : 0.9134   (old run: 0.913 | target: >0.97)
  per-sensor MAE (K): [1.25, 1.1, 0.84, 0.9, 0.96, 1.01, 1.15, 1.33, 2.42, 5.13, 6.48]
============================================================
