device mps  | train-pool 7 files, test = h6_flux88_abs92_surf0_longRun_647s - Sheet2.csv
############################################################
# H=60
############################################################
  train-pool windows=6273  test windows=3628
  H=60 s42: test MAE=0.181 K (val 0.190)
  H=60 s123: test MAE=0.140 K (val 0.135)
  >>> H=60 WINNER seed=123 test MAE=0.140 K -> output/tc95_best_L20_H60

############################################################
# H=180
############################################################
  train-pool windows=5433  test windows=3508
  H=180 s42: test MAE=0.240 K (val 0.230)
  H=180 s123: test MAE=0.285 K (val 0.153)
  >>> H=180 WINNER seed=42 test MAE=0.240 K -> output/tc95_best_L20_H180

############################################################
# H=300
############################################################
  train-pool windows=4593  test windows=3388
  H=300 s42: test MAE=0.341 K (val 0.301)
  H=300 s123: test MAE=0.373 K (val 0.284)
  >>> H=300 WINNER seed=42 test MAE=0.341 K -> output/tc95_best_L20_H300

############################################################
# H=480
############################################################
  train-pool windows=3333  test windows=3208
  H=480 s42: test MAE=0.569 K (val 0.393)
  H=480 s123: test MAE=0.520 K (val 0.400)
  >>> H=480 WINNER seed=123 test MAE=0.520 K -> output/tc95_best_L20_H480

############################################################
# H=600
############################################################
  train-pool windows=3123  test windows=3088
  H=600 s42: test MAE=0.583 K (val 0.404)
  H=600 s123: test MAE=0.587 K (val 0.397)
  >>> H=600 WINNER seed=42 test MAE=0.583 K -> output/tc95_best_L20_H600

############################################################
# H=900
############################################################
  train-pool windows=2823  test windows=2788
  H=900 s42: test MAE=0.884 K (val 0.515)
  H=900 s123: test MAE=0.835 K (val 0.402)
  >>> H=900 WINNER seed=123 test MAE=0.835 K -> output/tc95_best_L20_H900


======================================================================
TC95 (11-sensor incl TC_9.5) — held-out longRun_647 MAE (K)
======================================================================
    H  seed  overall   TC_9.5     TC10
   60   123    0.140    0.346    0.560
  180    42    0.240    0.355    0.776
  300    42    0.341    0.454    0.732
  480   123    0.520    0.795    0.899
  600    42    0.583    1.020    0.875
  900   123    0.835    1.268    1.167

DONE.  summary -> tc95_summary.json
